william@batman:~$ ls
Desktop    gitdemo     Pictures  Templates
Documents  iot_logger  Public    Videos
Downloads  Music       snap
william@batman:~$ cd iot_logger
william@batman:~/iot_logger$ ls
data  logs  scripts
william@batman:~/iot_logger$ cd logs
william@batman:~/iot_logger/logs$ touch temp.log
william@batman:~/iot_logger/logs$ ls
temp.log
william@batman:~/iot_logger/logs$ cd iot_logger/scripts
bash: cd: iot_logger/scripts: No such file or directory
william@batman:~/iot_logger/logs$ cd iot_logger / scripts
bash: cd: too many arguments
william@batman:~/iot_logger/logs$ cd ..
william@batman:~/iot_logger$ cd scripts
william@batman:~/iot_logger/scripts$ sensor_script.py
sensor_script.py: command not found
william@batman:~/iot_logger/scripts$ touch sensor_script.py
william@batman:~/iot_logger/scripts$ cd ..
william@batman:~/iot_logger$ cp /etc/services ~/iot_logger/data/


william@batman:~/iot_logger$ 
william@batman:~/iot_logger$ 
william@batman:~/iot_logger$ cd data
william@batman:~/iot_logger/data$ ls
services
william@batman:~/iot_logger/data$ grep ssh ./services
ssh		22/tcp				# SSH Remote Login Protocol
william@batman:~/iot_logger/data$ grep -n ssh ./services
24:ssh		22/tcp				# SSH Remote Login Protocol
william@batman:~/iot_logger/data$ grep http ./services
# Updated from https://www.iana.org/assignments/service-names-port-numbers/service-names-port-numbers.xhtml .
http		80/tcp		www		# WorldWideWeb HTTP
https		443/tcp				# http protocol over TLS/SSL
https		443/udp				# HTTP/3
http-alt	8080/tcp	webcache	# WWW caching service

william@batman:~/iot_logger/data$ grep -E "^t|[0-9]" ./services
tcpmux		1/tcp				# TCP port service multiplexer
echo		7/tcp
echo		7/udp
discard		9/tcp		sink null
discard		9/udp		sink null
systat		11/tcp		users
daytime		13/tcp
daytime		13/udp
netstat		15/tcp
qotd		17/tcp		quote
chargen		19/tcp		ttytst source
chargen		19/udp		ttytst source
ftp-data	20/tcp
ftp		21/tcp
fsp		21/udp		fspd
ssh		22/tcp				# SSH Remote Login Protocol
telnet		23/tcp
smtp		25/tcp		mail
time		37/tcp		timserver
time		37/udp		timserver
predict		1210/udp			# predict -- satellite tracking
rmtcfg		1236/tcp			# Gracilis Packeten remote config server
xtel		1313/tcp			# french minitel
xtelw		1314/tcp			# french minitel
zebrasrv	2600/tcp			# zebra service
zebra		2601/tcp			# zebra vty
ripd		2602/tcp			# ripd vty (zebra)
ripngd		2603/tcp			# ripngd vty (zebra)
ospfd		2604/tcp			# ospfd vty (zebra)
bgpd		2605/tcp			# bgpd vty (zebra)
ospf6d		2606/tcp			# ospf6d vty (zebra)
ospfapi		2607/tcp			# OSPF-API
isisd		2608/tcp			# ISISd vty (zebra)
fax		4557/tcp			# FAX transmission service (old)
hylafax		4559/tcp			# HylaFAX client-server protocol (new)
munin		4949/tcp	lrrd		# Munin
rplay		5555/udp			# RPlay audio service
nrpe		5666/tcp			# Nagios Remote Plugin Executor
nsca		5667/tcp			# Nagios Agent - NSCA
canna		5680/tcp			# cannaserver
syslog-tls	6514/tcp			# Syslog over TLS [RFC5425]
sane-port	6566/tcp	sane saned	# SANE network scanner daemon
ircd		6667/tcp			# Internet Relay Chat
zope-ftp	8021/tcp			# zope management by ftp
tproxy		8081/tcp			# Transparent Proxy
omniorb		8088/tcp			# OmniORB
clc-build-daemon 8990/tcp			# Common lisp build daemon
xinetd		9098/tcp
git		9418/tcp			# Git Version Control System
zope		9673/tcp			# zope server
webmin		10000/tcp
kamanda		10081/tcp			# amanda backup services (Kerberos)
amandaidx	10082/tcp			# amanda backup services
amidxtape	10083/tcp			# amanda backup services
sgi-cmsd	17001/udp		# Cluster membership services daemon
sgi-crsd	17002/udp
sgi-gcd		17003/udp			# SGI Group membership daemon
sgi-cad		17004/tcp			# Cluster Admin daemon
binkp		24554/tcp			# binkp fidonet protocol
asp		27374/tcp			# Address Search Protocol
asp		27374/udp
csync2		30865/tcp			# cluster synchronization tool
dircproxy	57000/tcp			# Detachable IRC Proxy
tfido		60177/tcp			# fidonet EMSI over telnet
fido		60179/tcp			# fidonet EMSI over TCP

william@batman:~$ find /home/william -type f -name "*.txt"
/home/william/.thunderbird/97yu6vlt.default-release/pkcs11.txt
/home/william/.thunderbird/97yu6vlt.default-release/encrypted-openpgp-passphrase.txt
/home/william/.cache/tracker3/files/last-crawl.txt
/home/william/.cache/tracker3/files/locale-for-miner-apps.txt
/home/william/.cache/tracker3/files/first-index.txt
/home/william/Documents/Linux_CapstoneProject/day1.txt
/home/william/gitdemo/test.txt
william@batman:~$ find /home/william -type f -name "tmp*.txt"
william@batman:~$ find /home/william -type f -name "tmp*.txt" rm
find: paths must precede expression: `rm'
william@batman:~$ find /home/william -type f -name "tmp*.txt" -delete
william@batman:~$ 



william@batman:~/iot_logger/logs$ ln temp.log Htemp.log
william@batman:~/iot_logger/logs$ ln -s temp.log Stemp.log
william@batman:~/iot_logger/logs$ ls
Htemp.log  Stemp.log  temp.log
william@batman:~/iot_logger/logs$ ls -a
.  ..  Htemp.log  Stemp.log  temp.log
william@batman:~/iot_logger/logs$ ls -R
.:
Htemp.log  Stemp.log  temp.log
william@batman:~/iot_logger/logs$ tree
.
├── Htemp.log
├── Stemp.log -> temp.log
└── temp.log

0 directories, 3 files
william@batman:~/iot_logger/logs$ 









